≡ƒôì Fetching completed races...
Fetching racing schedule from Sportsbet...
Γ£à Found 0 racetracks
≡ƒô¥ Logging to file...
≡ƒôä Completed races logged to: e:\My Workspace\Freelancer\horseRacing\horseraceBackend\logs\completed-races-18-10-2025_1-40-41 pm.txt
Γ£à Done! File saved to: e:\My Workspace\Freelancer\horseRacing\horseraceBackend\logs\completed-races-18-10-2025_1-40-41 pm.txt

≡ƒôï Preview:
